127.0.0.1 - - [22/Jun/2016:13:57:39 -0300] "GET / HTTP/1.1" 404 951
0:0:0:0:0:0:0:1 - - [22/Jun/2016:13:59:09 -0300] "GET /Restful-API-TAG/getClassroomsOfInstructor/115154319248 HTTP/1.1" 200 6230
0:0:0:0:0:0:0:1 - - [22/Jun/2016:13:59:10 -0300] "GET /favicon.ico HTTP/1.1" 404 973
127.0.0.1 - - [22/Jun/2016:14:41:04 -0300] "GET /Restful-API-TAG/getClassroomsOfInstructor/115154319248 HTTP/1.1" 200 6230
127.0.0.1 - - [22/Jun/2016:14:41:14 -0300] "GET /Restful-API-TAG/getStudentsPerClassroom/7 HTTP/1.1" 200 31996
127.0.0.1 - - [22/Jun/2016:14:41:14 -0300] "GET /Restful-API-TAG/getStudentsPerClassroom/7 HTTP/1.1" 200 31996
127.0.0.1 - - [22/Jun/2016:14:41:16 -0300] "GET /Restful-API-TAG/getStudentsByID/7/4 HTTP/1.1" 200 1993
127.0.0.1 - - [22/Jun/2016:14:41:30 -0300] "GET /Restful-API-TAG/getStudentsPerClassroom/648 HTTP/1.1" 200 13
127.0.0.1 - - [22/Jun/2016:14:52:45 -0300] "GET / HTTP/1.1" 404 951
0:0:0:0:0:0:0:1 - - [22/Jun/2016:14:53:02 -0300] "GET /Restful-API-TAG/getClassroomsOfInstructor/19 HTTP/1.1" 200 13
127.0.0.1 - - [22/Jun/2016:14:54:15 -0300] "GET / HTTP/1.1" 404 951
0:0:0:0:0:0:0:1 - - [22/Jun/2016:14:54:43 -0300] "GET /Restful-API-TAG/getClassroomsOfInstructor/19 HTTP/1.1" 200 9308
127.0.0.1 - - [22/Jun/2016:14:58:33 -0300] "GET /Restful-API-TAG/getClassroomsOfInstructor/19 HTTP/1.1" 200 9308
127.0.0.1 - - [22/Jun/2016:14:58:42 -0300] "GET /Restful-API-TAG/getStudentsPerClassroom/892 HTTP/1.1" 200 13
127.0.0.1 - - [22/Jun/2016:14:58:44 -0300] "GET /Restful-API-TAG/getStudentsPerClassroom/963 HTTP/1.1" 200 13
127.0.0.1 - - [22/Jun/2016:14:58:46 -0300] "GET /Restful-API-TAG/getStudentsPerClassroom/1039 HTTP/1.1" 200 13
127.0.0.1 - - [22/Jun/2016:14:59:14 -0300] "GET /Restful-API-TAG/getCredentials/admin/p@s4ipti HTTP/1.1" 200 95
127.0.0.1 - - [22/Jun/2016:14:59:18 -0300] "GET /Restful-API-TAG/getSchools HTTP/1.1" 200 49494
127.0.0.1 - - [22/Jun/2016:14:59:27 -0300] "GET /Restful-API-TAG/getClassroomsBySchoolInep/28022041 HTTP/1.1" 200 139646
127.0.0.1 - - [22/Jun/2016:14:59:28 -0300] "GET /Restful-API-TAG/getClassroomsBySchoolInep/28022041 HTTP/1.1" 200 139646
0:0:0:0:0:0:0:1 - - [22/Jun/2016:15:00:14 -0300] "GET /Restful-API-TAG/getCredentials HTTP/1.1" 200 435
127.0.0.1 - - [22/Jun/2016:15:16:56 -0300] "GET /Restful-API-TAG/getClassroomsOfInstructor/19 HTTP/1.1" 200 9308
127.0.0.1 - - [22/Jun/2016:15:16:59 -0300] "GET /Restful-API-TAG/getStudentsPerClassroom/892 HTTP/1.1" 200 13
127.0.0.1 - - [22/Jun/2016:15:17:00 -0300] "GET /Restful-API-TAG/getStudentsPerClassroom/963 HTTP/1.1" 200 13
127.0.0.1 - - [22/Jun/2016:15:17:01 -0300] "GET /Restful-API-TAG/getStudentsPerClassroom/1039 HTTP/1.1" 200 13
127.0.0.1 - - [22/Jun/2016:15:20:35 -0300] "GET /Restful-API-TAG/getClassroomsOfInstructor/19 HTTP/1.1" 200 9308
127.0.0.1 - - [22/Jun/2016:15:20:38 -0300] "GET /Restful-API-TAG/getStudentsPerClassroom/892 HTTP/1.1" 200 13
127.0.0.1 - - [22/Jun/2016:15:31:14 -0300] "GET /Restful-API-TAG/getClassroomsOfInstructor/19 HTTP/1.1" 200 9308
127.0.0.1 - - [22/Jun/2016:15:31:25 -0300] "GET /Restful-API-TAG/getCredentials/admin/p@s4ipti HTTP/1.1" 200 95
127.0.0.1 - - [22/Jun/2016:15:31:28 -0300] "GET /Restful-API-TAG/getSchools HTTP/1.1" 200 49494
127.0.0.1 - - [22/Jun/2016:15:37:44 -0300] "GET / HTTP/1.1" 404 951
0:0:0:0:0:0:0:1 - - [22/Jun/2016:15:44:45 -0300] "GET /Restful-API-TAG/getStudents HTTP/1.1" 200 8779747
127.0.0.1 - - [22/Jun/2016:15:54:19 -0300] "GET / HTTP/1.1" 404 951
0:0:0:0:0:0:0:1 - - [22/Jun/2016:15:54:27 -0300] "GET /Restful-API-TAG/getStudents HTTP/1.1" 500 5607
127.0.0.1 - - [22/Jun/2016:15:55:34 -0300] "GET / HTTP/1.1" 404 951
0:0:0:0:0:0:0:1 - - [22/Jun/2016:15:56:03 -0300] "GET /Restful-API-TAG/getStudents HTTP/1.1" 200 8791125
127.0.0.1 - - [22/Jun/2016:15:58:36 -0300] "GET / HTTP/1.1" 404 951
0:0:0:0:0:0:0:1 - - [22/Jun/2016:15:58:47 -0300] "GET /Restful-API-TAG/getStudents HTTP/1.1" 500 4284
127.0.0.1 - - [22/Jun/2016:15:59:30 -0300] "GET / HTTP/1.1" 404 951
127.0.0.1 - - [22/Jun/2016:16:00:08 -0300] "GET / HTTP/1.1" 404 951
0:0:0:0:0:0:0:1 - - [22/Jun/2016:16:00:33 -0300] "GET /Restful-API-TAG/getStudents HTTP/1.1" 200 8791125
127.0.0.1 - - [22/Jun/2016:16:01:09 -0300] "GET / HTTP/1.1" 404 951
0:0:0:0:0:0:0:1 - - [22/Jun/2016:16:01:29 -0300] "GET /Restful-API-TAG/getStudents HTTP/1.1" 200 8813568
127.0.0.1 - - [22/Jun/2016:16:06:32 -0300] "GET / HTTP/1.1" 404 951
0:0:0:0:0:0:0:1 - - [22/Jun/2016:16:07:18 -0300] "GET /Restful-API-TAG/getStudentsByID/98/2274 HTTP/1.1" 500 4992
127.0.0.1 - - [22/Jun/2016:16:09:00 -0300] "GET / HTTP/1.1" 404 951
0:0:0:0:0:0:0:1 - - [22/Jun/2016:16:09:07 -0300] "GET /Restful-API-TAG/getStudentsByID/98/2274 HTTP/1.1" 500 4298
127.0.0.1 - - [22/Jun/2016:16:09:36 -0300] "GET / HTTP/1.1" 404 951
0:0:0:0:0:0:0:1 - - [22/Jun/2016:16:09:43 -0300] "GET /Restful-API-TAG/getStudentsByID/98/2274 HTTP/1.1" 200 2050
127.0.0.1 - - [22/Jun/2016:16:12:07 -0300] "GET / HTTP/1.1" 404 951
0:0:0:0:0:0:0:1 - - [22/Jun/2016:16:13:08 -0300] "GET /Restful-API-TAG/getStudentsByID/98/2274 HTTP/1.1" 200 2050
0:0:0:0:0:0:0:1 - - [22/Jun/2016:16:13:27 -0300] "GET /Restful-API-TAG/getStudents/121784261075 HTTP/1.1" 500 5702
127.0.0.1 - - [22/Jun/2016:16:14:08 -0300] "GET / HTTP/1.1" 404 951
0:0:0:0:0:0:0:1 - - [22/Jun/2016:16:14:52 -0300] "GET /Restful-API-TAG/getStudents/121784261075 HTTP/1.1" 200 2050
127.0.0.1 - - [22/Jun/2016:16:17:33 -0300] "GET / HTTP/1.1" 404 951
0:0:0:0:0:0:0:1 - - [22/Jun/2016:16:17:41 -0300] "GET /Restful-API-TAG/getStudentsByName/GABRIEL%20DOS%20SANTOS%20REZENDE HTTP/1.1" 200 1970
0:0:0:0:0:0:0:1 - - [22/Jun/2016:16:17:57 -0300] "GET /Restful-API-TAG/getStudentsByName/GABRIEL HTTP/1.1" 200 301114
127.0.0.1 - - [22/Jun/2016:16:20:56 -0300] "GET / HTTP/1.1" 404 951
0:0:0:0:0:0:0:1 - - [22/Jun/2016:16:21:14 -0300] "GET /Restful-API-TAG/getStudentsPerClassroom/98 HTTP/1.1" 200 57388
0:0:0:0:0:0:0:1 - - [22/Jun/2016:16:23:54 -0300] "GET /Restful-API-TAG/getInstructors HTTP/1.1" 200 200834
127.0.0.1 - - [22/Jun/2016:16:31:22 -0300] "GET / HTTP/1.1" 404 951
0:0:0:0:0:0:0:1 - - [22/Jun/2016:16:33:43 -0300] "GET /Restful-API-TAG/getInstructors HTTP/1.1" 200 202743
0:0:0:0:0:0:0:1 - - [22/Jun/2016:16:36:16 -0300] "GET /Restful-API-TAG/getInstructors/'115037034603' HTTP/1.1" 500 5714
0:0:0:0:0:0:0:1 - - [22/Jun/2016:16:36:21 -0300] "GET /Restful-API-TAG/getInstructors/115037034603 HTTP/1.1" 200 997
0:0:0:0:0:0:0:1 - - [22/Jun/2016:16:37:52 -0300] "GET /Restful-API-TAG/getStudentsByID/98/2274 HTTP/1.1" 200 2050
127.0.0.1 - - [22/Jun/2016:16:42:59 -0300] "GET /Restful-API-TAG/getSchools HTTP/1.1" 200 49494
127.0.0.1 - - [22/Jun/2016:16:44:36 -0300] "GET /Restful-API-TAG/getClassroomsBySchoolInep/28022041 HTTP/1.1" 200 139646
127.0.0.1 - - [22/Jun/2016:16:44:37 -0300] "GET /Restful-API-TAG/getClassroomsBySchoolInep/28022041 HTTP/1.1" 200 139646
127.0.0.1 - - [22/Jun/2016:16:44:40 -0300] "GET /Restful-API-TAG/getStudentsPerClassroom/98 HTTP/1.1" 200 57388
127.0.0.1 - - [22/Jun/2016:16:44:40 -0300] "GET /Restful-API-TAG/getStudentsPerClassroom/98 HTTP/1.1" 200 57388
127.0.0.1 - - [22/Jun/2016:16:44:42 -0300] "GET /Restful-API-TAG/getStudentsByID/98/2274 HTTP/1.1" 200 2050
127.0.0.1 - - [22/Jun/2016:16:46:45 -0300] "GET /Restful-API-TAG/getStudentsByID/98/2274 HTTP/1.1" 200 2050
127.0.0.1 - - [22/Jun/2016:16:47:50 -0300] "GET / HTTP/1.1" 404 951
127.0.0.1 - - [22/Jun/2016:16:48:08 -0300] "GET / HTTP/1.1" 404 951
0:0:0:0:0:0:0:1 - - [22/Jun/2016:16:48:12 -0300] "GET /Restful-API-TAG/getStudentsByID/98/2274 HTTP/1.1" 200 2050
127.0.0.1 - - [22/Jun/2016:16:49:16 -0300] "GET /Restful-API-TAG/getStudentsByID/98/2274 HTTP/1.1" 200 2050
127.0.0.1 - - [22/Jun/2016:16:49:43 -0300] "GET /Restful-API-TAG/getSchools HTTP/1.1" 200 49494
127.0.0.1 - - [22/Jun/2016:16:49:47 -0300] "GET /Restful-API-TAG/getClassroomsBySchoolInep/28022041 HTTP/1.1" 200 139646
127.0.0.1 - - [22/Jun/2016:16:49:47 -0300] "GET /Restful-API-TAG/getClassroomsBySchoolInep/28022041 HTTP/1.1" 200 139646
127.0.0.1 - - [22/Jun/2016:16:49:50 -0300] "GET /Restful-API-TAG/getStudentsPerClassroom/98 HTTP/1.1" 200 57388
127.0.0.1 - - [22/Jun/2016:16:49:51 -0300] "GET /Restful-API-TAG/getStudentsPerClassroom/98 HTTP/1.1" 200 57388
127.0.0.1 - - [22/Jun/2016:16:49:51 -0300] "GET /Restful-API-TAG/getStudentsByID/98/2274 HTTP/1.1" 200 2050
0:0:0:0:0:0:0:1 - - [22/Jun/2016:16:51:16 -0300] "GET /Restful-API-TAG/getStudentsPerClassroom/98 HTTP/1.1" 200 57388
127.0.0.1 - - [22/Jun/2016:16:52:43 -0300] "GET / HTTP/1.1" 404 951
0:0:0:0:0:0:0:1 - - [22/Jun/2016:16:52:50 -0300] "GET /Restful-API-TAG/getStudentsPerClassroom/98 HTTP/1.1" 200 57388
127.0.0.1 - - [22/Jun/2016:16:54:58 -0300] "GET /Restful-API-TAG/getStudentsByID/98/2274 HTTP/1.1" 200 2050
127.0.0.1 - - [22/Jun/2016:16:55:24 -0300] "GET /Restful-API-TAG/getSchools HTTP/1.1" 200 49494
127.0.0.1 - - [22/Jun/2016:16:55:26 -0300] "GET /Restful-API-TAG/getClassroomsBySchoolInep/28022041 HTTP/1.1" 200 139646
127.0.0.1 - - [22/Jun/2016:16:55:26 -0300] "GET /Restful-API-TAG/getClassroomsBySchoolInep/28022041 HTTP/1.1" 200 139646
127.0.0.1 - - [22/Jun/2016:16:55:29 -0300] "GET /Restful-API-TAG/getStudentsPerClassroom/98 HTTP/1.1" 200 57388
127.0.0.1 - - [22/Jun/2016:16:55:29 -0300] "GET /Restful-API-TAG/getStudentsPerClassroom/98 HTTP/1.1" 200 57388
127.0.0.1 - - [22/Jun/2016:16:55:30 -0300] "GET /Restful-API-TAG/getStudentsByID/98/2065 HTTP/1.1" 200 1980
127.0.0.1 - - [22/Jun/2016:16:55:46 -0300] "GET /Restful-API-TAG/getStudentsByID/98/2067 HTTP/1.1" 200 1963
127.0.0.1 - - [22/Jun/2016:16:56:07 -0300] "GET /Restful-API-TAG/getStudentsByID/98/2113 HTTP/1.1" 200 1987
127.0.0.1 - - [22/Jun/2016:16:59:06 -0300] "GET /Restful-API-TAG/getSchools HTTP/1.1" 200 49494
127.0.0.1 - - [22/Jun/2016:17:00:22 -0300] "GET /Restful-API-TAG/getClassroomsBySchoolInep/28022041 HTTP/1.1" 200 139646
127.0.0.1 - - [22/Jun/2016:17:00:22 -0300] "GET /Restful-API-TAG/getClassroomsBySchoolInep/28022041 HTTP/1.1" 200 139646
127.0.0.1 - - [22/Jun/2016:17:01:07 -0300] "GET /Restful-API-TAG/getStudentsPerClassroom/98 HTTP/1.1" 200 57388
127.0.0.1 - - [22/Jun/2016:17:01:07 -0300] "GET /Restful-API-TAG/getStudentsPerClassroom/98 HTTP/1.1" 200 57388
127.0.0.1 - - [22/Jun/2016:17:01:08 -0300] "GET /Restful-API-TAG/getStudentsByID/98/2065 HTTP/1.1" 200 1980
127.0.0.1 - - [22/Jun/2016:17:01:12 -0300] "GET /Restful-API-TAG/getStudentsPerClassroom/98 HTTP/1.1" 200 57388
127.0.0.1 - - [22/Jun/2016:17:01:12 -0300] "GET /Restful-API-TAG/getStudentsPerClassroom/98 HTTP/1.1" 200 57388
127.0.0.1 - - [22/Jun/2016:17:01:15 -0300] "GET /Restful-API-TAG/getDisciplinesByClassID/98 HTTP/1.1" 200 1123
127.0.0.1 - - [22/Jun/2016:17:01:15 -0300] "GET /Restful-API-TAG/getDisciplinesByClassID/98 HTTP/1.1" 200 1123
